============================================================
🗺  路书应用服务器已就绪 (前端 + REST API + SQLite)
   • 本地访问地址: http://localhost:8123/
   • 局域网/手机端: http://192.168.1.199:8123/
   • 数据库文件:   /Users/macbook/Desktop/临时文件/路书web制作/data/lushu.db
   • 健康检查:     http://localhost:8123/api/health
============================================================
按 Ctrl+C 停止服务
[05/Oct/2026 21:11:15] "GET /api/auth/me HTTP/1.1" 200 -
[05/Oct/2026 21:11:15] "GET /api/state HTTP/1.1" 200 -
[05/Oct/2026 21:11:16] "GET /api/auth/me HTTP/1.1" 200 -
[05/Oct/2026 21:11:16] "GET /api/state HTTP/1.1" 200 -
[05/Oct/2026 21:11:32] "PUT /api/books/b_muoxcxbm1zjwd2 HTTP/1.1" 200 -
[05/Oct/2026 21:11:37] "PUT /api/books/b_muoxcxbm1zjwd2 HTTP/1.1" 200 -
[05/Oct/2026 21:11:43] "PUT /api/books/b_muoxcxbm1zjwd2 HTTP/1.1" 200 -
[05/Oct/2026 21:11:45] "PUT /api/books/b_muoxcxbm1zjwd2 HTTP/1.1" 200 -
[05/Oct/2026 21:11:58] "PUT /api/books/b_muoxcxbm1zjwd2 HTTP/1.1" 200 -
[05/Oct/2026 21:12:12] "PUT /api/books/b_muoxcxbm1zjwd2 HTTP/1.1" 200 -
[05/Oct/2026 21:13:30] "PUT /api/books/b_muoxcxbm1zjwd2 HTTP/1.1" 200 -
[05/Oct/2026 21:13:41] "PUT /api/books/b_muoxcxbm1zjwd2 HTTP/1.1" 200 -
[05/Oct/2026 21:13:49] "PUT /api/books/b_muoxcxbm1zjwd2 HTTP/1.1" 200 -
[05/Oct/2026 21:13:56] "PUT /api/books/b_muoxcxbm1zjwd2 HTTP/1.1" 200 -
[05/Oct/2026 21:14:09] "PUT /api/books/b_muoxcxbm1zjwd2 HTTP/1.1" 200 -
[05/Oct/2026 21:14:14] "PUT /api/books/b_muoxcxbm1zjwd2 HTTP/1.1" 200 -
[05/Oct/2026 21:14:16] "PUT /api/books/b_muoxcxbm1zjwd2 HTTP/1.1" 200 -
[05/Oct/2026 21:14:19] "PUT /api/books/b_muoxcxbm1zjwd2 HTTP/1.1" 200 -
[05/Oct/2026 21:14:27] "PUT /api/books/b_muoxcxbm1zjwd2 HTTP/1.1" 200 -
[05/Oct/2026 21:14:29] "PUT /api/books/b_muoxcxbm1zjwd2 HTTP/1.1" 200 -
[05/Oct/2026 21:14:34] "PUT /api/books/b_muoxcxbm1zjwd2 HTTP/1.1" 200 -
[05/Oct/2026 21:15:09] "GET /api/auth/me HTTP/1.1" 200 -
[05/Oct/2026 21:15:09] "GET /api/state HTTP/1.1" 200 -
[05/Oct/2026 21:18:02] "GET /api/auth/me HTTP/1.1" 200 -
[05/Oct/2026 21:18:02] "GET /api/state HTTP/1.1" 200 -
[05/Oct/2026 21:20:18] code 404, message File not found
[05/Oct/2026 21:20:28] "POST /api/auth/login HTTP/1.1" 401 -
[05/Oct/2026 21:20:33] "POST /api/auth/login HTTP/1.1" 200 -
[05/Oct/2026 21:20:34] "GET /api/state HTTP/1.1" 200 -
[05/Oct/2026 21:33:28] "GET /api/auth/me HTTP/1.1" 200 -
[05/Oct/2026 21:33:28] "GET /api/state HTTP/1.1" 200 -
[05/Oct/2026 21:34:12] "GET /api/auth/me HTTP/1.1" 200 -
[05/Oct/2026 21:34:12] "GET /api/state HTTP/1.1" 200 -
[05/Oct/2026 21:49:31] "GET /api/auth/me HTTP/1.1" 200 -
[05/Oct/2026 21:49:31] "GET /api/state HTTP/1.1" 200 -
[05/Oct/2026 22:04:45] "GET /api/auth/me HTTP/1.1" 200 -
[05/Oct/2026 22:04:45] "GET /api/state HTTP/1.1" 200 -
[05/Oct/2026 22:27:29] "GET /api/auth/me HTTP/1.1" 200 -
[05/Oct/2026 22:27:29] "GET /api/state HTTP/1.1" 200 -
[06/Oct/2026 22:56:42] "GET /api/auth/me HTTP/1.1" 200 -
[06/Oct/2026 22:56:42] "GET /api/state HTTP/1.1" 200 -
[06/Oct/2026 23:10:26] "GET /api/auth/me HTTP/1.1" 200 -
[06/Oct/2026 23:10:26] "GET /api/state HTTP/1.1" 200 -
[06/Oct/2026 23:15:45] "GET /api/auth/me HTTP/1.1" 200 -
[06/Oct/2026 23:15:45] "GET /api/state HTTP/1.1" 200 -
[06/Oct/2026 23:29:05] "GET /api/health HTTP/1.1" 200 -
[06/Oct/2026 23:40:12] "GET /api/auth/me HTTP/1.1" 200 -
[06/Oct/2026 23:40:12] "GET /api/state HTTP/1.1" 200 -
[06/Oct/2026 23:44:09] "GET /api/auth/me HTTP/1.1" 200 -
[06/Oct/2026 23:44:09] "GET /api/state HTTP/1.1" 200 -
[06/Oct/2026 23:44:59] "GET /api/auth/me HTTP/1.1" 200 -
[06/Oct/2026 23:44:59] "GET /api/state HTTP/1.1" 200 -
